array:2 [
  "success" => false
  "message" => "Failed to upload study material: SQLSTATE[23000]: Integrity constraint violation: 19 CHECK constraint failed: type (Connection: sqlite, SQL: insert into "notifications" ("user_id", "title", "message", "type", "recipient_phone", "status", "is_read", "updated_at", "created_at") values (?, New Study Material Uploaded, Tutor Antonina Block uploaded new material: Test Material, material_upload, N/A, Sent, 0, 2026-01-18 14:41:03, 2026-01-18 14:41:03))"
] // tests\Feature\StudyMaterialManagementTest.php:62

   FAIL  Tests\Feature\StudyMaterialManagementTest
  Γ¿» can upload studyΓÇª  0.97s  
  ΓöÇΓöÇΓöÇΓöÇΓöÇΓöÇΓöÇΓöÇΓöÇΓöÇΓöÇΓöÇΓöÇΓöÇΓöÇΓöÇΓöÇΓöÇΓöÇΓöÇΓöÇΓöÇΓöÇΓöÇΓöÇΓöÇ  
   FAILED  Tests\Feature\SΓÇª   
  Expected response status code [201] but received 500.
Failed asserting that 500 is identical to 201.

  at tests\Feature\StudyMaterialManagementTest.php:65
     61Γûò         if ($response->status() !== 201) {
     62Γûò              dump($response->json());
     63Γûò         }
     64Γûò 
  Γ₧£  65Γûò         $response->assertStatus(201);
     66Γûò         $this->assertDatabaseHas('study_materials', ['title' => 'Test Material']);
     67Γûò         
     68Γûò         $material = StudyMaterial::first();
     69Γûò         Storage::disk('public')->assertExists($material->file_path);


  Tests:    1 failed (1 assertions)
  Duration: 1.51s

